---
source: crates/check_cli/tests/snap_test.rs
expression: content
---
## `check.json`

```json
{ "linter": { "enabled": true } }
```

# Termination Message

```block
migrate ━━━━━━━━━━━━━━━━━━━━━━━━━━━━━━━━━━━━━━━━━━━━━━━━━━━━━━━━━━━━━━━━━━━━━━━━━━━━━━━━━━━━━━━━━━━━

  × Migration has encountered an error: Check couldn't find a Prettier configuration file.
  


```
