---
source: crates/check_cli/tests/snap_test.rs
expression: redactor(content)
---
# Input messages

```block
function f() {return{}}
```

# Emitted Messages

```block
stdin ━━━━━━━━━━━━━━━━━━━━━━━━━━━━━━━━━━━━━━━━━━━━━━━━━━━━━━━━━━━━━━━━━━━━━━━━━━━━━━━━━━━━━━━━━━━━━━

  ! The file passed via --stdin-file-path doesn't have an extension. Check needs a file extension to know how to handle the file.
  

```

```block
function f() {return{}}
```
