---
source: crates/check_cli/tests/snap_test.rs
expression: content
---
# Emitted Messages

```block
Shows documentation of various aspects of the CLI.
### Examples
```shell check explain noDebugger ```
```shell check explain daemon-logs ```

Usage: explain NAME

Available positional items:
    NAME        Single name to display documentation for.

Available options:
    -h, --help  Prints help information

```
