---
source: crates/check_cli/tests/snap_test.rs
expression: content
---
# Termination Message

```block
flags/invalid ━━━━━━━━━━━━━━━━━━━━━━━━━━━━━━━━━━━━━━━━━━━━━━━━━━━━━━━━━━━━━━━━━━━━━━━━━━━━━━━━━━━━━━

  × Unrecognized option dontExists.
  
  i Type the following command for more information
  
  $ check explain --help
  


```


